// Jest Snapshot v1, https://goo.gl/fbAQLP

exports[`Absolute renders with top, left and zIndex props 1`] = `
<div
  class="sc-bdVaJa sc-bwzfXH MBUOB"
/>
`;
