// Jest Snapshot v1, https://goo.gl/fbAQLP

exports[`theme snapshot 1`] = `
Object {
  "bold": 600,
  "boxShadows": Array [
    "0 0 2px 0 rgba(0,0,0,.08),0 1px 4px 0 rgba(0,0,0,.16)",
    "0 0 2px 0 rgba(0,0,0,.08),0 2px 8px 0 rgba(0,0,0,.16)",
    "0 0 2px 0 rgba(0,0,0,.08),0 4px 16px 0 rgba(0,0,0,.16)",
    "0 0 2px 0 rgba(0,0,0,.08),0 8px 32px 0 rgba(0,0,0,.16)",
  ],
  "breakpoints": Array [
    32,
    40,
    48,
    64,
  ],
  "colors": Object {
    "black": "rgba(0,0,0,.87)",
    "black06": "rgba(0,0,0,.06)",
    "black12": "rgba(0,0,0,.12)",
    "black26": "rgba(0,0,0,.26)",
    "black38": "rgba(0,0,0,.38)",
    "black42": "rgba(0,0,0,.42)",
    "black54": "rgba(0,0,0,.54)",
    "blue": "#007aff",
    "blue0": "#cdf",
    "blue1": "#cdf",
    "blue2": "#007aff",
    "blue3": "#007aff",
    "blues": Array [
      "#cdf",
      "#cdf",
      "#007aff",
      "#007aff",
    ],
    "borderGray": "#d1d6db",
    "darkBlue": "#049",
    "darkGray": "#364049",
    "darkGreen": "#4a7628",
    "darkOrange": "#a50",
    "darkPurple": "#407",
    "darkRed": "#800",
    "gray": "#646667",
    "gray0": "#f6f8fa",
    "gray1": "#f6f8fa",
    "gray2": "#646667",
    "gray3": "#646667",
    "green": "#82bc00",
    "green0": "#cec",
    "green1": "#cec",
    "green2": "#82bc00",
    "green3": "#82bc00",
    "greens": Array [
      "#cec",
      "#cec",
      "#82bc00",
      "#82bc00",
    ],
    "invalid": "rgba(230,0,0,.87)",
    "lightBlue": "#cdf",
    "lightGray": "#f6f8fa",
    "lightGreen": "#cec",
    "lightOrange": "#feb",
    "lightPurple": "#ecf",
    "lightRed": "#fcc",
    "orange": "#fa0",
    "orange0": "#feb",
    "orange1": "#feb",
    "orange2": "#fa0",
    "orange3": "#fa0",
    "oranges": Array [
      "#feb",
      "#feb",
      "#fa0",
      "#fa0",
    ],
    "primary": "#82bc00",
    "purple": "#70b",
    "purple0": "#ecf",
    "purple1": "#ecf",
    "purple2": "#70b",
    "purple3": "#70b",
    "purples": Array [
      "#ecf",
      "#ecf",
      "#70b",
      "#70b",
    ],
    "red": "#c00",
    "red0": "#fcc",
    "red1": "#fcc",
    "red2": "#c00",
    "red3": "#c00",
    "reds": Array [
      "#fcc",
      "#fcc",
      "#c00",
      "#c00",
    ],
    "riskHigh": "rgba(255,153,0,1)",
    "riskLow": "rgba(255,255,153,1)",
    "riskModerate": "rgba(252,204,0,1)",
    "riskVeryHigh": "rgba(255,0,0,1)",
    "riskVeryLow": "rgba(153,204,255,1)",
    "secondary": "#4a7628",
    "tertiary": "#646667",
    "text": "#001833",
    "white": "#fff",
  },
  "duration": Object {
    "fast": "150ms",
    "normal": "300ms",
    "slow": "450ms",
    "slowest": "600ms",
  },
  "font": "'Roboto','Helvetica Neue',Helvetica,Arial,sans-serif",
  "fontSizes": Array [
    12,
    14,
    16,
    20,
    24,
    32,
    48,
  ],
  "fontWeights": Object {
    "bold": 600,
    "regular": 400,
  },
  "letterSpacings": Object {
    "caps": "0.025em",
    "normal": "normal",
  },
  "maxContainerWidth": "1280px",
  "mediaQueries": Array [
    "@media screen and (min-width:32em)",
    "@media screen and (min-width:40em)",
    "@media screen and (min-width:48em)",
    "@media screen and (min-width:64em)",
  ],
  "radii": Array [
    0,
    2,
    6,
  ],
  "radius": "2px",
  "regular": 400,
  "space": Array [
    0,
    4,
    8,
    16,
    32,
    64,
    128,
  ],
  "timingFunctions": Object {
    "easeIn": "cubic-bezier(0.5, 0, 1, 1)",
    "easeInOut": "cubic-bezier(0.5, 0, 0.25, 1)",
    "easeOut": "cubic-bezier(0, 0, 0.25, 1)",
  },
  "transitionDelays": Object {
    "large": "260ms",
    "medium": "160ms",
    "small": "60ms",
    "xLarge": "360ms",
  },
}
`;
